0.0
1.0
1.4142135623746899
1.7320508100147274
2.000000000000002
2.236067977499978
2.4494897427875517
2.6457513111113693
2.8284271250498643
3.000000001396984
3.162277665175675
